exports[`test render view 1`] = `
<button
  className="fWekty"
  onClick={[Function]}
  tabIndex="-1">
  a
</button>
`;
