exports[`test create 1`] = `
Array [
  "localStorage",
  "entityServices",
  "schemas",
  "colors",
]
`;
